// Jest Snapshot v1, https://goo.gl/fbAQLP

exports[`DataBackupAndRestore should render backup and restore option 1`] = `
<View
  accessibilityState={
    {
      "busy": undefined,
      "checked": undefined,
      "disabled": undefined,
      "expanded": undefined,
      "selected": undefined,
    }
  }
  accessibilityValue={
    {
      "max": undefined,
      "min": undefined,
      "now": undefined,
      "text": undefined,
    }
  }
  accessible={false}
  collapsable={false}
  focusable={true}
  onBlur={[Function]}
  onClick={[Function]}
  onFocus={[Function]}
  onResponderGrant={[Function]}
  onResponderMove={[Function]}
  onResponderRelease={[Function]}
  onResponderTerminate={[Function]}
  onResponderTerminationRequest={[Function]}
  onStartShouldSetResponder={[Function]}
>
  <View
    bottomDivider={true}
    topDivider={true}
  >
    backUpAndRestoreIcon
    <View>
      <View
        accessible={false}
      >
        <View
          style={
            [
              {
                "alignItems": undefined,
                "flexDirection": "row",
                "justifyContent": undefined,
              },
              null,
              null,
              null,
              null,
              null,
              null,
              null,
              null,
              null,
              null,
              null,
              null,
            ]
          }
        >
          <Text
            style={
              [
                {
                  "color": "#000000",
                  "fontSize": 16,
                  "lineHeight": 18,
                },
                {
                  "fontFamily": "Montserrat_600SemiBold",
                  "fontSize": 15,
                },
                {
                  "color": "#000000",
                },
                {
                  "textAlign": "left",
                },
                null,
                null,
                {
                  "paddingRight": 10,
                  "paddingTop": 10,
                },
              ]
            }
          >
            dataBackupAndRestore
          </Text>
        </View>
      </View>
    </View>
    <View
      testID="icon"
    />
  </View>
</View>
`;
