// Jest Snapshot v1, https://goo.gl/fbAQLP

exports[`KeyManagementScreen should render 1`] = `
<View
  onLayout={[Function]}
  style={
    {
      "backgroundColor": "#ffffff",
      "elevation": 5,
      "flex": 1,
    }
  }
>
  <View
    style={
      {
        "alignItems": "center",
        "backgroundColor": "#fff",
        "elevation": 5,
        "flexDirection": "row",
        "justifyContent": "space-between",
        "paddingBottom": 10,
        "paddingHorizontal": 15,
        "shadowColor": "#000",
        "shadowOffset": {
          "height": 2,
          "width": 0,
        },
        "shadowOpacity": 0.2,
        "shadowRadius": 4,
        "zIndex": 1,
      }
    }
  >
    <View
      accessibilityState={
        {
          "busy": undefined,
          "checked": undefined,
          "disabled": undefined,
          "expanded": undefined,
          "selected": undefined,
        }
      }
      accessibilityValue={
        {
          "max": undefined,
          "min": undefined,
          "now": undefined,
          "text": undefined,
        }
      }
      accessible={true}
      collapsable={false}
      focusable={true}
      onClick={[Function]}
      onResponderGrant={[Function]}
      onResponderMove={[Function]}
      onResponderRelease={[Function]}
      onResponderTerminate={[Function]}
      onResponderTerminationRequest={[Function]}
      onStartShouldSetResponder={[Function]}
      style={
        {
          "opacity": 1,
        }
      }
    />
    <Text
      accessibilityLabel="keyManagementHeadingSettingsScreen"
      style={
        [
          {
            "color": "#000000",
            "fontSize": 16,
            "lineHeight": 18,
          },
          {
            "fontFamily": "Montserrat_400Regular",
            "fontSize": 14,
          },
          null,
          {
            "textAlign": "left",
          },
          null,
          null,
          {
            "color": "black",
            "fontFamily": "Montserrat_700Bold",
            "fontSize": 18,
            "lineHeight": 19,
            "padding": 10,
          },
        ]
      }
    >
      header
    </Text>
  </View>
  <View
    style={
      {
        "backgroundColor": "#fff",
        "flex": 1,
        "paddingTop": 10,
      }
    }
  >
    <View
      testID="copilot"
    >
      <View
        testID="dragList"
      />
    </View>
  </View>
  <View
    accessibilityState={
      {
        "busy": undefined,
        "checked": undefined,
        "disabled": undefined,
        "expanded": undefined,
        "selected": undefined,
      }
    }
    accessibilityValue={
      {
        "max": undefined,
        "min": undefined,
        "now": undefined,
        "text": undefined,
      }
    }
    accessible={true}
    collapsable={false}
    focusable={true}
    onClick={[Function]}
    onResponderGrant={[Function]}
    onResponderMove={[Function]}
    onResponderRelease={[Function]}
    onResponderTerminate={[Function]}
    onResponderTerminationRequest={[Function]}
    onStartShouldSetResponder={[Function]}
    style={
      {
        "opacity": 1,
      }
    }
  >
    <Text>
      <Text
        style={
          [
            {
              "color": "#000000",
              "fontSize": 16,
              "lineHeight": 18,
            },
            {
              "fontFamily": "Montserrat_700Bold",
              "fontSize": 15,
              "justifyContent": "center",
            },
            {
              "color": "#FFFFFF",
            },
            {
              "textAlign": "left",
            },
            null,
            null,
            [
              {
                "paddingLeft": 0,
              },
              undefined,
            ],
          ]
        }
      >
        save
      </Text>
    </Text>
  </View>
</View>
`;

exports[`KeyManagementScreen should render with key order data loaded 1`] = `
<View
  onLayout={[Function]}
  style={
    {
      "backgroundColor": "#ffffff",
      "elevation": 5,
      "flex": 1,
    }
  }
>
  <View
    style={
      {
        "alignItems": "center",
        "backgroundColor": "#fff",
        "elevation": 5,
        "flexDirection": "row",
        "justifyContent": "space-between",
        "paddingBottom": 10,
        "paddingHorizontal": 15,
        "shadowColor": "#000",
        "shadowOffset": {
          "height": 2,
          "width": 0,
        },
        "shadowOpacity": 0.2,
        "shadowRadius": 4,
        "zIndex": 1,
      }
    }
  >
    <View
      accessibilityState={
        {
          "busy": undefined,
          "checked": undefined,
          "disabled": undefined,
          "expanded": undefined,
          "selected": undefined,
        }
      }
      accessibilityValue={
        {
          "max": undefined,
          "min": undefined,
          "now": undefined,
          "text": undefined,
        }
      }
      accessible={true}
      collapsable={false}
      focusable={true}
      onClick={[Function]}
      onResponderGrant={[Function]}
      onResponderMove={[Function]}
      onResponderRelease={[Function]}
      onResponderTerminate={[Function]}
      onResponderTerminationRequest={[Function]}
      onStartShouldSetResponder={[Function]}
      style={
        {
          "opacity": 1,
        }
      }
    />
    <Text
      accessibilityLabel="keyManagementHeadingSettingsScreen"
      style={
        [
          {
            "color": "#000000",
            "fontSize": 16,
            "lineHeight": 18,
          },
          {
            "fontFamily": "Montserrat_400Regular",
            "fontSize": 14,
          },
          null,
          {
            "textAlign": "left",
          },
          null,
          null,
          {
            "color": "black",
            "fontFamily": "Montserrat_700Bold",
            "fontSize": 18,
            "lineHeight": 19,
            "padding": 10,
          },
        ]
      }
    >
      header
    </Text>
  </View>
  <View
    style={
      {
        "backgroundColor": "#fff",
        "flex": 1,
        "paddingTop": 10,
      }
    }
  >
    <View
      testID="copilot"
    >
      <View
        testID="dragList"
      />
    </View>
  </View>
  <View
    accessibilityState={
      {
        "busy": undefined,
        "checked": undefined,
        "disabled": undefined,
        "expanded": undefined,
        "selected": undefined,
      }
    }
    accessibilityValue={
      {
        "max": undefined,
        "min": undefined,
        "now": undefined,
        "text": undefined,
      }
    }
    accessible={true}
    collapsable={false}
    focusable={true}
    onClick={[Function]}
    onResponderGrant={[Function]}
    onResponderMove={[Function]}
    onResponderRelease={[Function]}
    onResponderTerminate={[Function]}
    onResponderTerminationRequest={[Function]}
    onStartShouldSetResponder={[Function]}
    style={
      {
        "opacity": 1,
      }
    }
  >
    <Text>
      <Text
        style={
          [
            {
              "color": "#000000",
              "fontSize": 16,
              "lineHeight": 18,
            },
            {
              "fontFamily": "Montserrat_700Bold",
              "fontSize": 15,
              "justifyContent": "center",
            },
            {
              "color": "#FFFFFF",
            },
            {
              "textAlign": "left",
            },
            null,
            null,
            [
              {
                "paddingLeft": 0,
              },
              undefined,
            ],
          ]
        }
      >
        save
      </Text>
    </Text>
  </View>
</View>
`;
