// Jest Snapshot v1, https://goo.gl/fbAQLP

exports[`CredentialRequestModalHeader Component Rendering should match snapshot 1`] = `
<DocumentFragment>
  <div
    class="flex flex-col justify-center px-6 py-4 border-b !border-[var(--iw-color-borderLight)]"
  >
    <h2
      class="mb-2 font-montserrat font-semibold text-lg leading-7 !text-[var(--iw-color-title)]"
      data-testid="title-verifier-request"
    />
    <p
      class="font-montserrat font-normal text-sm leading-5 !text-[var(--iw-color-subTitle)]"
      data-testid="text-select-credentials"
    />
  </div>
</DocumentFragment>
`;
