// Jest Snapshot v1, https://goo.gl/fbAQLP

exports[`CredentialRequestModalContent Component Rendering should match snapshot 1`] = `
<DocumentFragment>
  <div
    class="overflow-y-auto py-3 px-6 flex-1 !max-h-[250px] scrollbar-thin scrollbar-thumb-gray-300 scrollbar-track-gray-100"
  >
    <div
      data-testid="presentation-credential-list"
    >
      <div
        data-testid="credentials-prop"
      >
        <div
          data-testid="cred-cred-1"
        >
          Passport
        </div>
        <div
          data-testid="cred-cred-2"
        >
          Driver License
        </div>
      </div>
      <div
        data-testid="selected-credentials-prop"
      >
        cred-1
      </div>
      <button
        data-testid="test-toggle-button"
      >
        Toggle Test
      </button>
    </div>
  </div>
</DocumentFragment>
`;
