// Jest Snapshot v1, https://goo.gl/fbAQLP

exports[`HomePage matches snapshot for HomePage 1`] = `
<DocumentFragment>
  <div
    data-testid="Apptoaster-outer-container"
  >
    <div
      data-testid="toast-wrapper"
    />
  </div>
  <div>
    <div
      class="pb-20 flex flex-col gap-y-4 "
    >
      <div
        data-testid="HomeBanner"
      >
        HomeBanner
      </div>
      <div
        data-testid="HomeFeatures"
      >
        HomeFeatures
      </div>
      <div
        data-testid="HomeQuickTip"
      >
        HomeQuickTip
      </div>
    </div>
  </div>
</DocumentFragment>
`;

exports[`HomePage matches snapshot for HomePage with toast visible 1`] = `
<DocumentFragment>
  <div
    data-testid="Apptoaster-outer-container"
  >
    <div
      data-testid="toast-wrapper"
    />
  </div>
  <div>
    <div
      class="pb-20 flex flex-col gap-y-4 "
    >
      <div
        data-testid="HomeBanner"
      >
        HomeBanner
      </div>
      <div
        data-testid="HomeFeatures"
      >
        HomeFeatures
      </div>
      <div
        data-testid="HomeQuickTip"
      >
        HomeQuickTip
      </div>
    </div>
  </div>
</DocumentFragment>
`;
