// Jest Snapshot v1, https://goo.gl/fbAQLP

exports[`HomeScreen should match snapshot 1`] = `
[
  "BannerNotificationContainer",
  <View
    style={
      [
        {
          "alignItems": undefined,
          "flexDirection": "column",
          "justifyContent": undefined,
        },
        {
          "flex": 1,
        },
        null,
        null,
        {
          "backgroundColor": "#F8F8F8",
        },
        null,
        null,
        null,
        null,
        null,
        null,
        null,
        null,
      ]
    }
  >
    <View
      style={
        [
          {
            "alignItems": undefined,
            "flexDirection": "column",
            "justifyContent": undefined,
          },
          {
            "flex": 1,
          },
          null,
          null,
          null,
          null,
          null,
          null,
          null,
          null,
          null,
          null,
          null,
        ]
      }
    >
      MyVcsTab
      ReceivedVcsTab
    </View>
  </View>,
]
`;
